// Jest Snapshot v1, https://goo.gl/fbAQLP

exports[`Home should load without crashing 1`] = `
<Connect(Home)
  store={
    Object {
      "clearActions": [Function],
      "dispatch": [Function],
      "getActions": [Function],
      "getState": [Function],
      "replaceReducer": [Function],
      "subscribe": [Function],
    }
  }
>
  <Home
    inputValueFromReducer=""
    store={
      Object {
        "clearActions": [Function],
        "dispatch": [Function],
        "getActions": [Function],
        "getState": [Function],
        "replaceReducer": [Function],
        "subscribe": [Function],
      }
    }
    storeSubscription={
      Subscription {
        "listeners": Object {
          "clear": [Function],
          "get": [Function],
          "notify": [Function],
          "subscribe": [Function],
        },
        "onStateChange": [Function],
        "parentSub": undefined,
        "store": Object {
          "clearActions": [Function],
          "dispatch": [Function],
          "getActions": [Function],
          "getState": [Function],
          "replaceReducer": [Function],
          "subscribe": [Function],
        },
        "unsubscribe": [Function],
      }
    }
    submitValueAction={[Function]}
  >
    <div>
      <input
        onChange={[Function]}
        value=""
      />
      <br />
      <button
        onClick={[Function]}
        type="button"
      >
        Submit
      </button>
       
      <br />
      <span>
        Your value : 
      </span>
    </div>
  </Home>
</Connect(Home)>
`;
